AutoCare CMS Test Report
Generated: 2025-08-06T16:05:04.865Z
Duration: 580ms

test-cms-integration.js: PASSED
test-production-build.js: PASSED
test-error-handling.js: PASSED

SYSTEM STATUS: READY FOR PRODUCTION
